<html>
<body>
<pre>
<h1>µVision Build Log</h1>
<h2>Tool Versions:</h2>
IDE-Version: ¦ÌVision V5.25.2.0
Copyright (C) 2018 ARM Ltd and ARM Germany GmbH. All rights reserved.
License Information: laozi Microsoft, Microsoft, LIC=HF8LQ-NZHCC-JL7CC-7RXYN-D7AG9-1BRGZ
 
Tool Versions:
Toolchain:       MDK-ARM Professional  Version: 5.25.2.0
Toolchain Path:  D:\Keil_v5\ARM\ARMCC\Bin
C Compiler:      Armcc.exe V5.06 update 6 (build 750)
Assembler:       Armasm.exe V5.06 update 6 (build 750)
Linker/Locator:  ArmLink.exe V5.06 update 6 (build 750)
Library Manager: ArmAr.exe V5.06 update 6 (build 750)
Hex Converter:   FromElf.exe V5.06 update 6 (build 750)
CPU DLL:         SARMCM3.DLL V5.25.2.0
Dialog DLL:      DCM.DLL V1.17.1.0
Target DLL:      Segger\JL2CM3.dll V2.99.29.0
Dialog DLL:      TCM.DLL V1.35.1.0
 
<h2>Project:</h2>
E:\GitHub\ÎÒµÄh\zhukong\USER\Template.uvprojx
Project File Date:  01/16/2020

<h2>Output:</h2>
*** Using Compiler 'V5.06 update 6 (build 750)', folder: 'D:\Keil_v5\ARM\ARMCC\Bin'
Build target 'Template'
compiling M_Sys.c...
..\ROUTE\route.h(26): warning:  #1-D: last line of file ends without a newline
   
..\MENU\M_Sys.h(25): warning:  #1295-D: Deprecated declaration sys_handle - give arg types
  void sys_handle();
..\MENU\M_Sys.c(71): warning:  #177-D: variable "tp_last"  was declared but never referenced
  	u8 tp_last, key_value, i, is_key = 0;
..\MENU\M_Sys.c(177): warning:  #177-D: variable "tp_last"  was declared but never referenced
  	u8 tp_last, key_value, i, is_key = 0;
..\MENU\M_Sys.c(177): warning:  #177-D: variable "i"  was declared but never referenced
  	u8 tp_last, key_value, i, is_key = 0;
..\MENU\M_Sys.c(274): warning:  #177-D: variable "tp_last"  was declared but never referenced
  	u8 tp_last, key_value, i, is_key = 0;
..\MENU\M_Sys.c(274): warning:  #177-D: variable "i"  was declared but never referenced
  	u8 tp_last, key_value, i, is_key = 0;
..\MENU\M_Sys.c(378): warning:  #177-D: variable "tp_last"  was declared but never referenced
  	u8 tp_last, key_value, i, is_key = 0;
..\MENU\M_Sys.c(378): warning:  #177-D: variable "i"  was declared but never referenced
  	u8 tp_last, key_value, i, is_key = 0;
..\MENU\M_Sys.c(460): warning:  #177-D: variable "tp_last"  was declared but never referenced
  	u8 tp_last, key_value, i, is_key = 0;
..\MENU\M_Sys.c(460): warning:  #177-D: variable "i"  was declared but never referenced
  	u8 tp_last, key_value, i, is_key = 0;
..\MENU\M_Sys.c(542): warning:  #177-D: variable "tp_last"  was declared but never referenced
  	u8 tp_last, key_value, i, is_key = 0;
..\MENU\M_Sys.c(542): warning:  #177-D: variable "i"  was declared but never referenced
  	u8 tp_last, key_value, i, is_key = 0;
..\MENU\M_Sys.c(629): warning:  #177-D: variable "tp_last"  was declared but never referenced
  	u8 tp_last, key_value, i, is_key = 0;
..\MENU\M_Sys.c(629): warning:  #177-D: variable "i"  was declared but never referenced
  	u8 tp_last, key_value, i, is_key = 0;
..\MENU\M_Sys.c(694): warning:  #177-D: variable "tp_last"  was declared but never referenced
  	u8 tp_last, key_value, i, is_key = 0;
..\MENU\M_Sys.c(694): warning:  #177-D: variable "i"  was declared but never referenced
  	u8 tp_last, key_value, i, is_key = 0;
..\MENU\M_Sys.c(767): warning:  #177-D: variable "tp_last"  was declared but never referenced
  		u8 tp_last, key_value, i, is_key = 0;
..\MENU\M_Sys.c(767): warning:  #177-D: variable "i"  was declared but never referenced
  		u8 tp_last, key_value, i, is_key = 0;
..\MENU\M_Sys.c(814): warning:  #177-D: variable "tp_last"  was declared but never referenced
  	u8 tp_last, key_value, i, is_key = 0;
..\MENU\M_Sys.c(814): warning:  #177-D: variable "i"  was declared but never referenced
  	u8 tp_last, key_value, i, is_key = 0;
..\MENU\M_Sys.c(856): warning:  #177-D: variable "tp_last"  was declared but never referenced
     u8 tp_last, key_value, i, is_key = 0;
..\MENU\M_Sys.c(856): warning:  #177-D: variable "i"  was declared but never referenced
     u8 tp_last, key_value, i, is_key = 0;
..\MENU\M_Sys.c: 23 warnings, 0 errors
linking...
Program Size: Code=53092 RO-data=1812 RW-data=4264 ZI-data=82916  
FromELF: creating hex file...
"..\OBJ\Template.axf" - 0 Error(s), 23 Warning(s).

<h2>Software Packages used:</h2>

Package Vendor: Keil
                http://www.keil.com/pack/Keil.STM32F4xx_DFP.2.7.0.pack
                Keil.STM32F4xx_DFP.2.7.0
                STMicroelectronics STM32F4 Series Device Support, Drivers and Examples

<h2>Collection of Component include folders:</h2>
  .\RTE\_Template
  D:\Keil_v5\ARM\PACK\Keil\STM32F4xx_DFP\2.7.0\Drivers\CMSIS\Device\ST\STM32F4xx\Include

<h2>Collection of Component Files used:</h2>
Build Time Elapsed:  00:00:16
</pre>
</body>
</html>
